{"level":"info","timestamp":"2026-01-29T21:06:44.151+0800","caller":"logger/logger.go:61","msg":"应用程序启动","app":"Go Todo API","version":"1.0.0","environment":"development"}
{"level":"info","timestamp":"2026-01-29T21:06:44.152+0800","caller":"logger/logger.go:61","msg":"服务器启动信息","address":"http://localhost:8080","mode":"debug","environment":"development"}
{"level":"info","timestamp":"2026-01-29T21:06:58.673+0800","caller":"logger/logger.go:61","msg":"Http请求","method":"GET","path":"/","ip":"::1"}
{"level":"info","timestamp":"2026-01-29T21:06:58.732+0800","caller":"logger/logger.go:61","msg":"Http请求","method":"GET","path":"/favicon.ico","ip":"::1"}
{"level":"info","timestamp":"2026-01-29T21:07:01.306+0800","caller":"logger/logger.go:61","msg":"Http请求","method":"GET","path":"/","ip":"::1"}
{"level":"info","timestamp":"2026-01-29T21:07:47.843+0800","caller":"logger/logger.go:61","msg":"应用程序启动","app":"Go Todo API","version":"1.0.0","environment":"development"}
{"level":"info","timestamp":"2026-01-29T21:07:47.843+0800","caller":"logger/logger.go:61","msg":"服务器启动信息","address":"http://localhost:8080","mode":"debug","environment":"development"}
{"level":"info","timestamp":"2026-01-29T21:07:52.515+0800","caller":"logger/logger.go:61","msg":"Http请求","method":"GET","path":"/","ip":"::1"}
{"level":"info","timestamp":"2026-01-29T21:07:59.197+0800","caller":"logger/logger.go:61","msg":"Http请求","method":"GET","path":"/health","ip":"::1"}
{"level":"debug","timestamp":"2026-01-29T21:07:59.197+0800","caller":"logger/logger.go:57","msg":"健康检查请求"}
{"level":"info","timestamp":"2026-01-29T21:08:13.795+0800","caller":"logger/logger.go:61","msg":"Http请求","method":"GET","path":"/ready","ip":"::1"}
{"level":"info","timestamp":"2026-01-29T21:08:13.795+0800","caller":"logger/logger.go:61","msg":"就绪状态检查","database":"Unknown"}
{"level":"info","timestamp":"2026-01-29T21:08:15.530+0800","caller":"logger/logger.go:61","msg":"Http请求","method":"GET","path":"/ready","ip":"::1"}
{"level":"info","timestamp":"2026-01-29T21:08:15.530+0800","caller":"logger/logger.go:61","msg":"就绪状态检查","database":"Unknown"}
{"level":"info","timestamp":"2026-01-29T21:08:16.899+0800","caller":"logger/logger.go:61","msg":"Http请求","method":"GET","path":"/ready","ip":"::1"}
{"level":"info","timestamp":"2026-01-29T21:08:16.899+0800","caller":"logger/logger.go:61","msg":"就绪状态检查","database":"Unknown"}
{"level":"info","timestamp":"2026-01-29T21:08:17.683+0800","caller":"logger/logger.go:61","msg":"Http请求","method":"GET","path":"/ready","ip":"::1"}
{"level":"info","timestamp":"2026-01-29T21:08:17.683+0800","caller":"logger/logger.go:61","msg":"就绪状态检查","database":"Unknown"}
{"level":"info","timestamp":"2026-01-29T21:08:21.528+0800","caller":"logger/logger.go:61","msg":"Http请求","method":"GET","path":"/config","ip":"::1"}
{"level":"info","timestamp":"2026-01-29T21:08:28.735+0800","caller":"logger/logger.go:61","msg":"Http请求","method":"GET","path":"/config","ip":"::1"}
{"level":"info","timestamp":"2026-01-29T21:08:29.667+0800","caller":"logger/logger.go:61","msg":"Http请求","method":"GET","path":"/config","ip":"::1"}
{"level":"info","timestamp":"2026-01-31T18:10:50.253+0800","caller":"logger/logger.go:61","msg":"应用程序启动","app":"Go Todo API","version":"1.0.0","environment":"development"}
{"level":"info","timestamp":"2026-01-31T18:10:50.304+0800","caller":"logger/logger.go:61","msg":"服务器启动信息","address":"http://localhost:8080","mode":"debug","environment":"development"}
{"level":"info","timestamp":"2026-01-31T18:11:14.267+0800","caller":"logger/logger.go:61","msg":"Http请求","method":"GET","path":"/","ip":"::1"}
{"level":"info","timestamp":"2026-01-31T18:11:14.338+0800","caller":"logger/logger.go:61","msg":"Http请求","method":"GET","path":"/favicon.ico","ip":"::1"}
{"level":"info","timestamp":"2026-01-31T18:16:04.120+0800","caller":"logger/logger.go:61","msg":"Http请求","method":"POST","path":"/api/auth/register","ip":"::1"}
{"level":"info","timestamp":"2026-01-31T18:19:05.816+0800","caller":"logger/logger.go:61","msg":"Http请求","method":"POST","path":"/api/auth/register","ip":"::1"}
{"level":"info","timestamp":"2026-01-31T18:28:14.706+0800","caller":"logger/logger.go:61","msg":"正在关闭服务器"}
{"level":"info","timestamp":"2026-01-31T18:28:14.709+0800","caller":"logger/logger.go:61","msg":"服务器关闭成功"}
{"level":"info","timestamp":"2026-01-31T18:28:17.640+0800","caller":"logger/logger.go:61","msg":"应用程序启动","app":"Go Todo API","version":"1.0.0","environment":"development"}
{"level":"info","timestamp":"2026-01-31T18:28:17.652+0800","caller":"logger/logger.go:61","msg":"服务器启动信息","address":"http://localhost:8080","mode":"debug","environment":"development"}
{"level":"info","timestamp":"2026-01-31T18:28:27.325+0800","caller":"logger/logger.go:61","msg":"Http请求","method":"GET","path":"/","ip":"::1"}
{"level":"info","timestamp":"2026-01-31T18:28:28.254+0800","caller":"logger/logger.go:61","msg":"Http请求","method":"GET","path":"/","ip":"::1"}
{"level":"info","timestamp":"2026-01-31T18:28:30.230+0800","caller":"logger/logger.go:61","msg":"Http请求","method":"POST","path":"/api/auth/register","ip":"::1"}
{"level":"info","timestamp":"2026-01-31T18:28:31.834+0800","caller":"logger/logger.go:61","msg":"Http请求","method":"POST","path":"/api/auth/register","ip":"::1"}
{"level":"info","timestamp":"2026-01-31T18:28:35.856+0800","caller":"logger/logger.go:61","msg":"Http请求","method":"POST","path":"/api/auth/register","ip":"::1"}
{"level":"info","timestamp":"2026-01-31T18:29:20.018+0800","caller":"logger/logger.go:61","msg":"Http请求","method":"POST","path":"/api/auth/login","ip":"::1"}
{"level":"info","timestamp":"2026-01-31T19:30:46.407+0800","caller":"logger/logger.go:61","msg":"正在关闭服务器"}
{"level":"info","timestamp":"2026-01-31T19:30:46.418+0800","caller":"logger/logger.go:61","msg":"服务器关闭成功"}
{"level":"info","timestamp":"2026-02-02T13:41:35.098+0800","caller":"logger/logger.go:61","msg":"应用程序启动","app":"Go Todo API","version":"1.0.0","environment":"development"}
{"level":"info","timestamp":"2026-02-02T13:41:35.127+0800","caller":"logger/logger.go:61","msg":"服务器启动信息","address":"http://localhost:8080","mode":"debug","environment":"development"}
{"level":"info","timestamp":"2026-02-02T13:42:30.154+0800","caller":"logger/logger.go:61","msg":"Http请求","method":"POST","path":"/api/auth/register","ip":"::1"}
{"level":"info","timestamp":"2026-02-02T13:44:44.299+0800","caller":"logger/logger.go:61","msg":"Http请求","method":"POST","path":"/api/auth/register","ip":"::1"}
{"level":"info","timestamp":"2026-02-02T13:44:52.979+0800","caller":"logger/logger.go:61","msg":"Http请求","method":"POST","path":"/api/auth/register","ip":"::1"}
{"level":"info","timestamp":"2026-02-02T13:45:06.223+0800","caller":"logger/logger.go:61","msg":"Http请求","method":"POST","path":"/api/auth/register","ip":"::1"}
{"level":"info","timestamp":"2026-02-02T13:45:17.446+0800","caller":"logger/logger.go:61","msg":"Http请求","method":"POST","path":"/api/auth/register","ip":"::1"}
{"level":"info","timestamp":"2026-02-02T13:45:22.960+0800","caller":"logger/logger.go:61","msg":"Http请求","method":"POST","path":"/api/auth/register","ip":"::1"}
{"level":"info","timestamp":"2026-02-02T13:51:21.443+0800","caller":"logger/logger.go:61","msg":"Http请求","method":"POST","path":"/api/auth/register","ip":"::1"}
{"level":"info","timestamp":"2026-02-02T13:51:36.714+0800","caller":"logger/logger.go:61","msg":"正在关闭服务器"}
{"level":"info","timestamp":"2026-02-02T13:51:36.715+0800","caller":"logger/logger.go:61","msg":"服务器关闭成功"}
{"level":"info","timestamp":"2026-02-02T13:51:40.995+0800","caller":"logger/logger.go:61","msg":"应用程序启动","app":"Go Todo API","version":"1.0.0","environment":"development"}
{"level":"info","timestamp":"2026-02-02T13:51:41.010+0800","caller":"logger/logger.go:61","msg":"服务器启动信息","address":"http://localhost:8080","mode":"debug","environment":"development"}
{"level":"info","timestamp":"2026-02-02T13:51:54.642+0800","caller":"logger/logger.go:61","msg":"Http请求","method":"POST","path":"/api/auth/register","ip":"::1"}
{"level":"info","timestamp":"2026-02-02T14:00:27.879+0800","caller":"logger/logger.go:61","msg":"Http请求","method":"POST","path":"/api/auth/register","ip":"::1"}
{"level":"info","timestamp":"2026-02-02T14:01:52.993+0800","caller":"logger/logger.go:61","msg":"Http请求","method":"POST","path":"/api/auth/register","ip":"::1"}
{"level":"info","timestamp":"2026-02-02T14:03:05.443+0800","caller":"logger/logger.go:61","msg":"正在关闭服务器"}
{"level":"info","timestamp":"2026-02-02T14:03:05.444+0800","caller":"logger/logger.go:61","msg":"服务器关闭成功"}
{"level":"info","timestamp":"2026-02-02T14:06:09.141+0800","caller":"logger/logger.go:61","msg":"应用程序启动","app":"Go Todo API","version":"1.0.0","environment":"development"}
{"level":"info","timestamp":"2026-02-02T14:06:09.171+0800","caller":"logger/logger.go:61","msg":"服务器启动信息","address":"http://localhost:8080","mode":"debug","environment":"development"}
{"level":"info","timestamp":"2026-02-02T14:06:31.977+0800","caller":"logger/logger.go:61","msg":"Http请求","method":"POST","path":"/api/auth/register","ip":"::1"}
{"level":"info","timestamp":"2026-02-02T14:49:06.133+0800","caller":"logger/logger.go:61","msg":"Http请求","method":"GET","path":"/api/users/me","ip":"::1"}
{"level":"info","timestamp":"2026-02-02T14:49:06.193+0800","caller":"logger/logger.go:61","msg":"Http请求","method":"GET","path":"/favicon.ico","ip":"::1"}
{"level":"info","timestamp":"2026-02-02T14:49:07.611+0800","caller":"logger/logger.go:61","msg":"Http请求","method":"GET","path":"/api/users/me","ip":"::1"}
{"level":"info","timestamp":"2026-02-02T14:49:10.119+0800","caller":"logger/logger.go:61","msg":"正在关闭服务器"}
{"level":"info","timestamp":"2026-02-02T14:49:12.194+0800","caller":"logger/logger.go:61","msg":"服务器关闭成功"}
{"level":"info","timestamp":"2026-02-02T14:49:15.461+0800","caller":"logger/logger.go:61","msg":"应用程序启动","app":"Go Todo API","version":"1.0.0","environment":"development"}
{"level":"info","timestamp":"2026-02-02T14:49:15.472+0800","caller":"logger/logger.go:61","msg":"服务器启动信息","address":"http://localhost:8080","mode":"debug","environment":"development"}
{"level":"info","timestamp":"2026-02-02T14:49:21.716+0800","caller":"logger/logger.go:61","msg":"Http请求","method":"GET","path":"/api/users/me","ip":"::1"}
{"level":"info","timestamp":"2026-02-02T14:49:22.921+0800","caller":"logger/logger.go:61","msg":"Http请求","method":"GET","path":"/api/users/me","ip":"::1"}
{"level":"info","timestamp":"2026-02-02T14:49:23.883+0800","caller":"logger/logger.go:61","msg":"Http请求","method":"GET","path":"/api/users/me","ip":"::1"}
{"level":"info","timestamp":"2026-02-02T14:49:52.861+0800","caller":"logger/logger.go:61","msg":"Http请求","method":"GET","path":"/api/users/me","ip":"::1"}
{"level":"info","timestamp":"2026-02-02T15:03:10.704+0800","caller":"logger/logger.go:61","msg":"Http请求","method":"POST","path":"/api/auth/register","ip":"::1"}
{"level":"info","timestamp":"2026-02-02T15:04:09.777+0800","caller":"logger/logger.go:61","msg":"Http请求","method":"GET","path":"/api/users/me","ip":"::1"}
{"level":"info","timestamp":"2026-02-02T15:05:13.577+0800","caller":"logger/logger.go:61","msg":"Http请求","method":"GET","path":"/api/users/me","ip":"::1"}
{"level":"info","timestamp":"2026-02-02T15:08:09.206+0800","caller":"logger/logger.go:61","msg":"Http请求","method":"GET","path":"/api/users/me","ip":"::1"}
{"level":"info","timestamp":"2026-02-02T15:08:15.485+0800","caller":"logger/logger.go:61","msg":"Http请求","method":"GET","path":"/api/users/me","ip":"::1"}
{"level":"info","timestamp":"2026-02-02T15:08:22.735+0800","caller":"logger/logger.go:61","msg":"Http请求","method":"GET","path":"/api/users/me","ip":"::1"}
{"level":"info","timestamp":"2026-02-02T15:08:50.655+0800","caller":"logger/logger.go:61","msg":"正在关闭服务器"}
{"level":"info","timestamp":"2026-02-02T15:08:50.657+0800","caller":"logger/logger.go:61","msg":"服务器关闭成功"}
{"level":"info","timestamp":"2026-02-02T15:10:28.942+0800","caller":"logger/logger.go:61","msg":"应用程序启动","app":"Go Todo API","version":"1.0.0","environment":"development"}
{"level":"info","timestamp":"2026-02-02T15:10:28.956+0800","caller":"logger/logger.go:61","msg":"服务器启动信息","address":"http://localhost:8080","mode":"debug","environment":"development"}
{"level":"info","timestamp":"2026-02-02T15:10:30.070+0800","caller":"logger/logger.go:61","msg":"Http请求","method":"GET","path":"/api/users/me","ip":"::1"}
{"level":"info","timestamp":"2026-02-02T15:10:41.990+0800","caller":"logger/logger.go:61","msg":"Http请求","method":"GET","path":"/api/users/me","ip":"::1"}
{"level":"info","timestamp":"2026-02-02T15:10:43.357+0800","caller":"logger/logger.go:61","msg":"Http请求","method":"GET","path":"/api/users/me","ip":"::1"}
{"level":"info","timestamp":"2026-02-02T15:10:44.249+0800","caller":"logger/logger.go:61","msg":"Http请求","method":"GET","path":"/api/users/me","ip":"::1"}
{"level":"info","timestamp":"2026-02-02T15:10:58.584+0800","caller":"logger/logger.go:61","msg":"正在关闭服务器"}
{"level":"info","timestamp":"2026-02-02T15:10:58.584+0800","caller":"logger/logger.go:61","msg":"服务器关闭成功"}
{"level":"info","timestamp":"2026-02-02T15:13:39.419+0800","caller":"logger/logger.go:61","msg":"应用程序启动","app":"Go Todo API","version":"1.0.0","environment":"development"}
{"level":"info","timestamp":"2026-02-02T15:13:39.432+0800","caller":"logger/logger.go:61","msg":"服务器启动信息","address":"http://localhost:8080","mode":"debug","environment":"development"}
{"level":"info","timestamp":"2026-02-02T15:13:56.685+0800","caller":"logger/logger.go:61","msg":"Http请求","method":"GET","path":"/api/users/me","ip":"::1"}
{"level":"info","timestamp":"2026-02-02T15:16:36.922+0800","caller":"logger/logger.go:61","msg":"Http请求","method":"POST","path":"/api/auth/register","ip":"::1"}
{"level":"info","timestamp":"2026-02-02T15:17:57.097+0800","caller":"logger/logger.go:61","msg":"Http请求","method":"GET","path":"/api/users/me","ip":"::1"}
{"level":"info","timestamp":"2026-02-02T15:18:16.395+0800","caller":"logger/logger.go:61","msg":"Http请求","method":"GET","path":"/api/users/me","ip":"::1"}
{"level":"info","timestamp":"2026-02-02T15:19:09.508+0800","caller":"logger/logger.go:61","msg":"正在关闭服务器"}
{"level":"info","timestamp":"2026-02-02T15:19:09.508+0800","caller":"logger/logger.go:61","msg":"服务器关闭成功"}
{"level":"info","timestamp":"2026-02-06T18:52:32.308+0800","caller":"logger/logger.go:61","msg":"应用程序启动","app":"Go Todo API","version":"1.0.0","environment":"development"}
{"level":"info","timestamp":"2026-02-06T18:52:32.330+0800","caller":"logger/logger.go:61","msg":"服务器启动信息","address":"http://localhost:8080","mode":"debug","environment":"development"}
{"level":"info","timestamp":"2026-02-06T18:54:26.849+0800","caller":"logger/logger.go:61","msg":"Http请求","method":"POST","path":"/api/auth/register","ip":"::1"}
{"level":"info","timestamp":"2026-02-06T18:56:38.957+0800","caller":"logger/logger.go:61","msg":"Http请求","method":"POST","path":"/api/todos","ip":"::1"}
{"level":"info","timestamp":"2026-02-06T19:21:07.447+0800","caller":"logger/logger.go:61","msg":"正在关闭服务器"}
{"level":"info","timestamp":"2026-02-06T19:21:07.447+0800","caller":"logger/logger.go:61","msg":"服务器关闭成功"}
{"level":"info","timestamp":"2026-02-06T19:21:15.029+0800","caller":"logger/logger.go:61","msg":"应用程序启动","app":"Go Todo API","version":"1.0.0","environment":"development"}
{"level":"info","timestamp":"2026-02-06T19:21:15.045+0800","caller":"logger/logger.go:61","msg":"服务器启动信息","address":"http://localhost:8080","mode":"debug","environment":"development"}
{"level":"info","timestamp":"2026-02-06T19:21:25.807+0800","caller":"logger/logger.go:61","msg":"Http请求","method":"POST","path":"/api/todos","ip":"::1"}
{"level":"info","timestamp":"2026-02-06T19:22:12.458+0800","caller":"logger/logger.go:61","msg":"Http请求","method":"GET","path":"/api/todos","ip":"::1"}
{"level":"info","timestamp":"2026-02-06T19:42:21.498+0800","caller":"logger/logger.go:61","msg":"Http请求","method":"GET","path":"/api/todos","ip":"::1"}
{"level":"info","timestamp":"2026-02-06T19:43:16.477+0800","caller":"logger/logger.go:61","msg":"Http请求","method":"GET","path":"/debug/routes","ip":"::1"}
{"level":"info","timestamp":"2026-02-06T19:43:16.556+0800","caller":"logger/logger.go:61","msg":"Http请求","method":"GET","path":"/favicon.ico","ip":"::1"}
{"level":"info","timestamp":"2026-02-06T22:28:45.108+0800","caller":"logger/logger.go:61","msg":"正在关闭服务器"}
{"level":"info","timestamp":"2026-02-06T22:28:45.110+0800","caller":"logger/logger.go:61","msg":"服务器关闭成功"}
{"level":"info","timestamp":"2026-02-15T12:47:35.323+0800","caller":"logger/logger.go:61","msg":"应用程序启动","app":"Go Todo API","version":"1.0.0","environment":"development"}
{"level":"error","timestamp":"2026-02-15T12:47:35.362+0800","caller":"logger/logger.go:69","msg":"数据库连接失败","error":"数据库连接失败：: Error 1049 (42000): Unknown database 'todo_db'","stacktrace":"TODO_API/pkg/logger.Error\n\tD:/work/GoProjects/TODO_API/pkg/logger/logger.go:69\nmain.main\n\tD:/work/GoProjects/TODO_API/cmd/main.go:214\nruntime.main\n\tD:/work/Go/src/runtime/proc.go:285"}
{"level":"info","timestamp":"2026-02-15T12:48:52.098+0800","caller":"logger/logger.go:61","msg":"应用程序启动","app":"Go Todo API","version":"1.0.0","environment":"development"}
{"level":"info","timestamp":"2026-02-15T12:48:52.112+0800","caller":"logger/logger.go:61","msg":"服务器启动信息","address":"http://localhost:8080","mode":"debug","environment":"development"}
{"level":"info","timestamp":"2026-02-15T12:49:01.860+0800","caller":"logger/logger.go:61","msg":"Http请求","method":"GET","path":"/","ip":"::1"}
{"level":"info","timestamp":"2026-02-15T12:49:01.929+0800","caller":"logger/logger.go:61","msg":"Http请求","method":"GET","path":"/favicon.ico","ip":"::1"}
{"level":"info","timestamp":"2026-02-15T12:49:06.598+0800","caller":"logger/logger.go:61","msg":"Http请求","method":"GET","path":"/","ip":"::1"}
{"level":"info","timestamp":"2026-02-15T12:49:39.349+0800","caller":"logger/logger.go:61","msg":"Http请求","method":"GET","path":"/swagger/index.html","ip":"::1"}
{"level":"info","timestamp":"2026-02-15T12:49:39.370+0800","caller":"logger/logger.go:61","msg":"Http请求","method":"GET","path":"/swagger/swagger-ui.css","ip":"::1"}
{"level":"info","timestamp":"2026-02-15T12:49:39.375+0800","caller":"logger/logger.go:61","msg":"Http请求","method":"GET","path":"/swagger/index.css","ip":"::1"}
{"level":"info","timestamp":"2026-02-15T12:49:39.376+0800","caller":"logger/logger.go:61","msg":"Http请求","method":"GET","path":"/swagger/swagger-ui-bundle.js","ip":"::1"}
{"level":"info","timestamp":"2026-02-15T12:49:39.377+0800","caller":"logger/logger.go:61","msg":"Http请求","method":"GET","path":"/swagger/swagger-ui-standalone-preset.js","ip":"::1"}
{"level":"info","timestamp":"2026-02-15T12:49:39.377+0800","caller":"logger/logger.go:61","msg":"Http请求","method":"GET","path":"/swagger/swagger-initializer.js","ip":"::1"}
{"level":"info","timestamp":"2026-02-15T12:49:39.482+0800","caller":"logger/logger.go:61","msg":"Http请求","method":"GET","path":"/swagger/doc.json","ip":"::1"}
{"level":"info","timestamp":"2026-02-15T12:49:39.512+0800","caller":"logger/logger.go:61","msg":"Http请求","method":"GET","path":"/swagger/favicon-32x32.png","ip":"::1"}
{"level":"info","timestamp":"2026-02-15T12:49:52.444+0800","caller":"logger/logger.go:61","msg":"Http请求","method":"GET","path":"/swagger/doc.json","ip":"::1"}
{"level":"info","timestamp":"2026-02-15T12:50:08.297+0800","caller":"logger/logger.go:61","msg":"Http请求","method":"GET","path":"/swagger/doc.json","ip":"::1"}
{"level":"info","timestamp":"2026-02-15T12:51:38.746+0800","caller":"logger/logger.go:61","msg":"Http请求","method":"GET","path":"/swagger/index.html","ip":"::1"}
{"level":"info","timestamp":"2026-02-15T12:51:38.768+0800","caller":"logger/logger.go:61","msg":"Http请求","method":"GET","path":"/swagger/swagger-ui.css","ip":"::1"}
{"level":"info","timestamp":"2026-02-15T12:51:38.769+0800","caller":"logger/logger.go:61","msg":"Http请求","method":"GET","path":"/swagger/index.css","ip":"::1"}
{"level":"info","timestamp":"2026-02-15T12:51:38.769+0800","caller":"logger/logger.go:61","msg":"Http请求","method":"GET","path":"/swagger/swagger-ui-bundle.js","ip":"::1"}
{"level":"info","timestamp":"2026-02-15T12:51:38.769+0800","caller":"logger/logger.go:61","msg":"Http请求","method":"GET","path":"/swagger/swagger-initializer.js","ip":"::1"}
{"level":"info","timestamp":"2026-02-15T12:51:38.769+0800","caller":"logger/logger.go:61","msg":"Http请求","method":"GET","path":"/swagger/swagger-ui-standalone-preset.js","ip":"::1"}
{"level":"info","timestamp":"2026-02-15T12:51:38.821+0800","caller":"logger/logger.go:61","msg":"Http请求","method":"GET","path":"/swagger/doc.json","ip":"::1"}
{"level":"info","timestamp":"2026-02-15T12:52:01.712+0800","caller":"logger/logger.go:61","msg":"正在关闭服务器"}
{"level":"info","timestamp":"2026-02-15T12:52:01.712+0800","caller":"logger/logger.go:61","msg":"服务器关闭成功"}
{"level":"info","timestamp":"2026-02-15T13:02:55.720+0800","caller":"logger/logger.go:61","msg":"应用程序启动","app":"Go Todo API","version":"1.0.0","environment":"development"}
{"level":"info","timestamp":"2026-02-15T13:02:55.734+0800","caller":"logger/logger.go:61","msg":"服务器启动信息","address":"http://localhost:8080","mode":"debug","environment":"development"}
{"level":"info","timestamp":"2026-02-15T13:03:14.459+0800","caller":"logger/logger.go:61","msg":"Http请求","method":"GET","path":"/swagger/index.html","ip":"::1"}
{"level":"info","timestamp":"2026-02-15T13:03:14.482+0800","caller":"logger/logger.go:61","msg":"Http请求","method":"GET","path":"/swagger/swagger-ui.css","ip":"::1"}
{"level":"info","timestamp":"2026-02-15T13:03:14.482+0800","caller":"logger/logger.go:61","msg":"Http请求","method":"GET","path":"/swagger/index.css","ip":"::1"}
{"level":"info","timestamp":"2026-02-15T13:03:14.484+0800","caller":"logger/logger.go:61","msg":"Http请求","method":"GET","path":"/swagger/swagger-ui-bundle.js","ip":"::1"}
{"level":"info","timestamp":"2026-02-15T13:03:14.484+0800","caller":"logger/logger.go:61","msg":"Http请求","method":"GET","path":"/swagger/swagger-initializer.js","ip":"::1"}
{"level":"info","timestamp":"2026-02-15T13:03:14.484+0800","caller":"logger/logger.go:61","msg":"Http请求","method":"GET","path":"/swagger/swagger-ui-standalone-preset.js","ip":"::1"}
{"level":"info","timestamp":"2026-02-15T13:03:14.586+0800","caller":"logger/logger.go:61","msg":"Http请求","method":"GET","path":"/swagger/doc.json","ip":"::1"}
{"level":"info","timestamp":"2026-02-15T13:03:35.204+0800","caller":"logger/logger.go:61","msg":"正在关闭服务器"}
{"level":"info","timestamp":"2026-02-15T13:03:35.204+0800","caller":"logger/logger.go:61","msg":"服务器关闭成功"}
{"level":"info","timestamp":"2026-02-16T11:35:11.372+0800","caller":"logger/logger.go:61","msg":"应用程序启动","app":"Go Todo API","version":"1.0.0","environment":"development"}
{"level":"info","timestamp":"2026-02-16T11:35:11.443+0800","caller":"logger/logger.go:61","msg":"服务器启动信息","address":"http://localhost:8080","mode":"debug","environment":"development"}
{"level":"info","timestamp":"2026-02-16T11:35:25.663+0800","caller":"logger/logger.go:61","msg":"Http请求","method":"GET","path":"/","ip":"::1"}
{"level":"info","timestamp":"2026-02-16T11:35:25.728+0800","caller":"logger/logger.go:61","msg":"Http请求","method":"GET","path":"/favicon.ico","ip":"::1"}
{"level":"info","timestamp":"2026-02-16T11:35:34.826+0800","caller":"logger/logger.go:61","msg":"Http请求","method":"GET","path":"/","ip":"::1"}
{"level":"info","timestamp":"2026-02-16T11:35:42.033+0800","caller":"logger/logger.go:61","msg":"Http请求","method":"GET","path":"/swagger/index.html","ip":"::1"}
{"level":"info","timestamp":"2026-02-16T11:35:42.062+0800","caller":"logger/logger.go:61","msg":"Http请求","method":"GET","path":"/swagger/swagger-ui.css","ip":"::1"}
{"level":"info","timestamp":"2026-02-16T11:35:42.064+0800","caller":"logger/logger.go:61","msg":"Http请求","method":"GET","path":"/swagger/index.css","ip":"::1"}
{"level":"info","timestamp":"2026-02-16T11:35:42.065+0800","caller":"logger/logger.go:61","msg":"Http请求","method":"GET","path":"/swagger/swagger-ui-bundle.js","ip":"::1"}
{"level":"info","timestamp":"2026-02-16T11:35:42.065+0800","caller":"logger/logger.go:61","msg":"Http请求","method":"GET","path":"/swagger/swagger-ui-standalone-preset.js","ip":"::1"}
{"level":"info","timestamp":"2026-02-16T11:35:42.066+0800","caller":"logger/logger.go:61","msg":"Http请求","method":"GET","path":"/swagger/swagger-initializer.js","ip":"::1"}
{"level":"info","timestamp":"2026-02-16T11:35:42.166+0800","caller":"logger/logger.go:61","msg":"Http请求","method":"GET","path":"/swagger/doc.json","ip":"::1"}
{"level":"info","timestamp":"2026-02-16T11:35:49.307+0800","caller":"logger/logger.go:61","msg":"正在关闭服务器"}
{"level":"info","timestamp":"2026-02-16T11:35:49.307+0800","caller":"logger/logger.go:61","msg":"服务器关闭成功"}
{"level":"info","timestamp":"2026-02-20T18:11:48.731+0800","caller":"logger/logger.go:61","msg":"应用程序启动","app":"Go Todo API","version":"1.0.0","environment":"development"}
{"level":"info","timestamp":"2026-02-20T18:11:48.797+0800","caller":"logger/logger.go:61","msg":"服务器启动信息","address":"http://localhost:8080","mode":"debug","environment":"development"}
{"level":"info","timestamp":"2026-02-20T18:11:54.814+0800","caller":"logger/logger.go:61","msg":"Http请求","method":"POST","path":"/api/auth/register","ip":"::1"}
{"level":"info","timestamp":"2026-02-20T18:11:55.077+0800","caller":"logger/logger.go:61","msg":"Http请求","method":"GET","path":"/api/todos","ip":"::1"}
{"level":"info","timestamp":"2026-02-20T18:12:05.068+0800","caller":"logger/logger.go:61","msg":"Http请求","method":"GET","path":"/api/todos","ip":"::1"}
{"level":"info","timestamp":"2026-02-20T18:12:09.087+0800","caller":"logger/logger.go:61","msg":"Http请求","method":"GET","path":"/api/todos","ip":"::1"}
{"level":"info","timestamp":"2026-02-20T18:12:35.996+0800","caller":"logger/logger.go:61","msg":"Http请求","method":"GET","path":"/api/todos","ip":"::1"}
{"level":"info","timestamp":"2026-02-20T18:12:43.889+0800","caller":"logger/logger.go:61","msg":"Http请求","method":"GET","path":"/api/todos","ip":"::1"}
{"level":"info","timestamp":"2026-02-20T18:12:51.348+0800","caller":"logger/logger.go:61","msg":"正在关闭服务器"}
{"level":"info","timestamp":"2026-02-20T18:12:51.348+0800","caller":"logger/logger.go:61","msg":"服务器关闭成功"}
{"level":"info","timestamp":"2026-04-01T20:14:30.135+0800","caller":"logger/logger.go:61","msg":"应用程序启动","app":"Go Todo API","version":"1.0.0","environment":"development"}
{"level":"info","timestamp":"2026-04-01T20:14:30.157+0800","caller":"logger/logger.go:61","msg":"服务器启动信息","address":"http://localhost:8080","mode":"debug","environment":"development"}
{"level":"info","timestamp":"2026-04-01T20:15:21.058+0800","caller":"logger/logger.go:61","msg":"正在关闭服务器"}
{"level":"info","timestamp":"2026-04-01T20:15:21.058+0800","caller":"logger/logger.go:61","msg":"服务器关闭成功"}
{"level":"info","timestamp":"2026-04-01T20:16:46.249+0800","caller":"logger/logger.go:61","msg":"应用程序启动","app":"Go Todo API","version":"1.0.0","environment":"development"}
{"level":"info","timestamp":"2026-04-01T20:16:46.267+0800","caller":"logger/logger.go:61","msg":"服务器启动信息","address":"http://localhost:8080","mode":"debug","environment":"development"}
{"level":"info","timestamp":"2026-04-01T20:16:55.884+0800","caller":"logger/logger.go:61","msg":"Http请求","method":"GET","path":"/","ip":"::1"}
{"level":"info","timestamp":"2026-04-01T20:17:05.023+0800","caller":"logger/logger.go:61","msg":"正在关闭服务器"}
{"level":"info","timestamp":"2026-04-01T20:17:05.023+0800","caller":"logger/logger.go:61","msg":"服务器关闭成功"}
{"level":"info","timestamp":"2026-04-01T20:35:25.981+0800","caller":"logger/logger.go:61","msg":"应用程序启动","app":"Go Todo API","version":"1.0.0","environment":"development"}
{"level":"info","timestamp":"2026-04-01T20:35:26.003+0800","caller":"logger/logger.go:61","msg":"服务器启动信息","address":"http://localhost:8080","mode":"debug","environment":"development"}
{"level":"info","timestamp":"2026-04-01T20:36:38.818+0800","caller":"logger/logger.go:61","msg":"正在关闭服务器"}
{"level":"info","timestamp":"2026-04-01T20:36:38.819+0800","caller":"logger/logger.go:61","msg":"服务器关闭成功"}
{"level":"info","timestamp":"2026-04-07T16:05:31.659+0800","caller":"logger/logger.go:61","msg":"应用程序启动","app":"Go Todo API","version":"1.0.0","environment":"development"}
{"level":"error","timestamp":"2026-04-07T16:05:36.738+0800","caller":"logger/logger.go:69","msg":"Redis连接失败","error":"dial tcp 192.168.96.128:6379: i/o timeout","stacktrace":"TODO_API/pkg/logger.Error\n\tD:/work/GoProjects/TODO_API/pkg/logger/logger.go:69\nmain.main\n\tD:/work/GoProjects/TODO_API/cmd/main.go:230\nruntime.main\n\tD:/work/Go/src/runtime/proc.go:285"}
{"level":"info","timestamp":"2026-04-07T16:06:52.599+0800","caller":"logger/logger.go:61","msg":"应用程序启动","app":"Go Todo API","version":"1.0.0","environment":"development"}
{"level":"error","timestamp":"2026-04-07T16:06:57.611+0800","caller":"logger/logger.go:69","msg":"Redis连接失败，将继续运行但某些功能可能不可用","error":"dial tcp 192.168.96.128:6379: i/o timeout","stacktrace":"TODO_API/pkg/logger.Error\n\tD:/work/GoProjects/TODO_API/pkg/logger/logger.go:69\nmain.main\n\tD:/work/GoProjects/TODO_API/cmd/main.go:230\nruntime.main\n\tD:/work/Go/src/runtime/proc.go:285"}
{"level":"error","timestamp":"2026-04-07T16:06:57.616+0800","caller":"logger/logger.go:69","msg":"RabbitMQ连接失败，将继续运行但某些功能可能不可用","error":"dial tcp [::1]:5672: connectex: No connection could be made because the target machine actively refused it.","stacktrace":"TODO_API/pkg/logger.Error\n\tD:/work/GoProjects/TODO_API/pkg/logger/logger.go:69\nmain.main\n\tD:/work/GoProjects/TODO_API/cmd/main.go:240\nruntime.main\n\tD:/work/Go/src/runtime/proc.go:285"}
{"level":"info","timestamp":"2026-04-07T16:06:57.618+0800","caller":"logger/logger.go:61","msg":"文件存储初始化成功"}
{"level":"info","timestamp":"2026-04-07T16:06:57.618+0800","caller":"logger/logger.go:61","msg":"服务器启动信息","address":"http://localhost:8080","mode":"debug","environment":"development"}
{"level":"info","timestamp":"2026-04-07T16:07:55.246+0800","caller":"logger/logger.go:61","msg":"Http请求","method":"GET","path":"/","ip":"::1"}
{"level":"info","timestamp":"2026-04-07T16:07:55.307+0800","caller":"logger/logger.go:61","msg":"Http请求","method":"GET","path":"/favicon.ico","ip":"::1"}
{"level":"info","timestamp":"2026-04-07T16:08:14.027+0800","caller":"logger/logger.go:61","msg":"正在关闭服务器"}
{"level":"info","timestamp":"2026-04-07T16:08:14.027+0800","caller":"logger/logger.go:61","msg":"服务器关闭成功"}
{"level":"info","timestamp":"2026-04-07T16:10:18.753+0800","caller":"logger/logger.go:61","msg":"应用程序启动","app":"Go Todo API","version":"1.0.0","environment":"development"}
{"level":"error","timestamp":"2026-04-07T16:10:23.765+0800","caller":"logger/logger.go:69","msg":"Redis连接失败，将继续运行但某些功能可能不可用","error":"dial tcp 192.168.96.128:6379: i/o timeout","stacktrace":"TODO_API/pkg/logger.Error\n\tD:/work/GoProjects/TODO_API/pkg/logger/logger.go:69\nmain.main\n\tD:/work/GoProjects/TODO_API/cmd/main.go:230\nruntime.main\n\tD:/work/Go/src/runtime/proc.go:285"}
{"level":"error","timestamp":"2026-04-07T16:10:23.771+0800","caller":"logger/logger.go:69","msg":"RabbitMQ连接失败，将继续运行但某些功能可能不可用","error":"dial tcp [::1]:5672: connectex: No connection could be made because the target machine actively refused it.","stacktrace":"TODO_API/pkg/logger.Error\n\tD:/work/GoProjects/TODO_API/pkg/logger/logger.go:69\nmain.main\n\tD:/work/GoProjects/TODO_API/cmd/main.go:240\nruntime.main\n\tD:/work/Go/src/runtime/proc.go:285"}
{"level":"info","timestamp":"2026-04-07T16:10:23.773+0800","caller":"logger/logger.go:61","msg":"文件存储初始化成功"}
{"level":"info","timestamp":"2026-04-07T16:10:23.775+0800","caller":"logger/logger.go:61","msg":"服务器启动信息","address":"http://localhost:8080","mode":"debug","environment":"development"}
{"level":"info","timestamp":"2026-04-07T16:13:55.495+0800","caller":"logger/logger.go:61","msg":"正在关闭服务器"}
{"level":"info","timestamp":"2026-04-07T16:13:55.499+0800","caller":"logger/logger.go:61","msg":"服务器关闭成功"}
{"level":"info","timestamp":"2026-04-07T16:13:58.853+0800","caller":"logger/logger.go:61","msg":"应用程序启动","app":"Go Todo API","version":"1.0.0","environment":"development"}
{"level":"error","timestamp":"2026-04-07T16:13:58.874+0800","caller":"logger/logger.go:69","msg":"Redis连接失败，将继续运行但某些功能可能不可用","error":"NOAUTH Authentication required.","stacktrace":"TODO_API/pkg/logger.Error\n\tD:/work/GoProjects/TODO_API/pkg/logger/logger.go:69\nmain.main\n\tD:/work/GoProjects/TODO_API/cmd/main.go:230\nruntime.main\n\tD:/work/Go/src/runtime/proc.go:285"}
{"level":"error","timestamp":"2026-04-07T16:13:58.875+0800","caller":"logger/logger.go:69","msg":"RabbitMQ连接失败，将继续运行但某些功能可能不可用","error":"dial tcp [::1]:5672: connectex: No connection could be made because the target machine actively refused it.","stacktrace":"TODO_API/pkg/logger.Error\n\tD:/work/GoProjects/TODO_API/pkg/logger/logger.go:69\nmain.main\n\tD:/work/GoProjects/TODO_API/cmd/main.go:240\nruntime.main\n\tD:/work/Go/src/runtime/proc.go:285"}
{"level":"info","timestamp":"2026-04-07T16:13:58.875+0800","caller":"logger/logger.go:61","msg":"文件存储初始化成功"}
{"level":"info","timestamp":"2026-04-07T16:13:58.877+0800","caller":"logger/logger.go:61","msg":"服务器启动信息","address":"http://localhost:8080","mode":"debug","environment":"development"}
{"level":"info","timestamp":"2026-04-07T16:14:21.489+0800","caller":"logger/logger.go:61","msg":"正在关闭服务器"}
{"level":"info","timestamp":"2026-04-07T16:14:21.490+0800","caller":"logger/logger.go:61","msg":"服务器关闭成功"}
{"level":"info","timestamp":"2026-04-07T16:14:26.193+0800","caller":"logger/logger.go:61","msg":"应用程序启动","app":"Go Todo API","version":"1.0.0","environment":"development"}
{"level":"error","timestamp":"2026-04-07T16:14:26.210+0800","caller":"logger/logger.go:69","msg":"Redis连接失败，将继续运行但某些功能可能不可用","error":"NOAUTH Authentication required.","stacktrace":"TODO_API/pkg/logger.Error\n\tD:/work/GoProjects/TODO_API/pkg/logger/logger.go:69\nmain.main\n\tD:/work/GoProjects/TODO_API/cmd/main.go:230\nruntime.main\n\tD:/work/Go/src/runtime/proc.go:285"}
{"level":"error","timestamp":"2026-04-07T16:14:26.211+0800","caller":"logger/logger.go:69","msg":"RabbitMQ连接失败，将继续运行但某些功能可能不可用","error":"dial tcp [::1]:5672: connectex: No connection could be made because the target machine actively refused it.","stacktrace":"TODO_API/pkg/logger.Error\n\tD:/work/GoProjects/TODO_API/pkg/logger/logger.go:69\nmain.main\n\tD:/work/GoProjects/TODO_API/cmd/main.go:240\nruntime.main\n\tD:/work/Go/src/runtime/proc.go:285"}
{"level":"info","timestamp":"2026-04-07T16:14:26.211+0800","caller":"logger/logger.go:61","msg":"文件存储初始化成功"}
{"level":"info","timestamp":"2026-04-07T16:14:26.212+0800","caller":"logger/logger.go:61","msg":"服务器启动信息","address":"http://localhost:8080","mode":"debug","environment":"development"}
{"level":"info","timestamp":"2026-04-07T16:14:38.613+0800","caller":"logger/logger.go:61","msg":"Http请求","method":"GET","path":"/","ip":"::1"}
{"level":"info","timestamp":"2026-04-07T16:14:40.781+0800","caller":"logger/logger.go:61","msg":"Http请求","method":"GET","path":"/","ip":"::1"}
{"level":"info","timestamp":"2026-04-07T16:14:41.787+0800","caller":"logger/logger.go:61","msg":"Http请求","method":"GET","path":"/","ip":"::1"}
{"level":"info","timestamp":"2026-04-07T16:14:42.639+0800","caller":"logger/logger.go:61","msg":"Http请求","method":"GET","path":"/","ip":"::1"}
{"level":"info","timestamp":"2026-04-07T16:14:43.474+0800","caller":"logger/logger.go:61","msg":"Http请求","method":"GET","path":"/","ip":"::1"}
{"level":"info","timestamp":"2026-04-07T16:14:44.188+0800","caller":"logger/logger.go:61","msg":"Http请求","method":"GET","path":"/","ip":"::1"}
{"level":"info","timestamp":"2026-04-07T16:15:33.162+0800","caller":"logger/logger.go:61","msg":"正在关闭服务器"}
{"level":"info","timestamp":"2026-04-07T16:15:33.163+0800","caller":"logger/logger.go:61","msg":"服务器关闭成功"}
{"level":"info","timestamp":"2026-04-07T16:16:26.295+0800","caller":"logger/logger.go:61","msg":"应用程序启动","app":"Go Todo API","version":"1.0.0","environment":"development"}
{"level":"info","timestamp":"2026-04-07T16:16:26.316+0800","caller":"logger/logger.go:61","msg":"Redis连接成功"}
{"level":"error","timestamp":"2026-04-07T16:16:26.317+0800","caller":"logger/logger.go:69","msg":"RabbitMQ连接失败，将继续运行但某些功能可能不可用","error":"dial tcp [::1]:5672: connectex: No connection could be made because the target machine actively refused it.","stacktrace":"TODO_API/pkg/logger.Error\n\tD:/work/GoProjects/TODO_API/pkg/logger/logger.go:69\nmain.main\n\tD:/work/GoProjects/TODO_API/cmd/main.go:240\nruntime.main\n\tD:/work/Go/src/runtime/proc.go:285"}
{"level":"info","timestamp":"2026-04-07T16:16:26.318+0800","caller":"logger/logger.go:61","msg":"文件存储初始化成功"}
{"level":"info","timestamp":"2026-04-07T16:16:26.319+0800","caller":"logger/logger.go:61","msg":"服务器启动信息","address":"http://localhost:8080","mode":"debug","environment":"development"}
{"level":"info","timestamp":"2026-04-07T16:17:12.750+0800","caller":"logger/logger.go:61","msg":"正在关闭服务器"}
{"level":"info","timestamp":"2026-04-07T16:17:12.751+0800","caller":"logger/logger.go:61","msg":"服务器关闭成功"}
{"level":"info","timestamp":"2026-04-07T16:49:59.625+0800","caller":"logger/logger.go:61","msg":"应用程序启动","app":"Go Todo API","version":"1.0.0","environment":"development"}
{"level":"error","timestamp":"2026-04-07T16:50:01.734+0800","caller":"logger/logger.go:69","msg":"Redis连接失败，将继续运行但某些功能可能不可用","error":"dial tcp [::1]:6379: connectex: No connection could be made because the target machine actively refused it.","stacktrace":"TODO_API/pkg/logger.Error\n\tD:/work/GoProjects/TODO_API/pkg/logger/logger.go:69\nmain.main\n\tD:/work/GoProjects/TODO_API/cmd/main.go:230\nruntime.main\n\tD:/work/Go/src/runtime/proc.go:285"}
{"level":"error","timestamp":"2026-04-07T16:50:01.737+0800","caller":"logger/logger.go:69","msg":"RabbitMQ连接失败，将继续运行但某些功能可能不可用","error":"dial tcp [::1]:5672: connectex: No connection could be made because the target machine actively refused it.","stacktrace":"TODO_API/pkg/logger.Error\n\tD:/work/GoProjects/TODO_API/pkg/logger/logger.go:69\nmain.main\n\tD:/work/GoProjects/TODO_API/cmd/main.go:240\nruntime.main\n\tD:/work/Go/src/runtime/proc.go:285"}
{"level":"info","timestamp":"2026-04-07T16:50:01.737+0800","caller":"logger/logger.go:61","msg":"文件存储初始化成功"}
{"level":"info","timestamp":"2026-04-07T16:50:01.737+0800","caller":"logger/logger.go:61","msg":"服务器启动信息","address":"http://localhost:8080","mode":"debug","environment":"development"}
{"level":"info","timestamp":"2026-04-07T16:51:21.534+0800","caller":"logger/logger.go:61","msg":"正在关闭服务器"}
{"level":"info","timestamp":"2026-04-07T16:51:21.534+0800","caller":"logger/logger.go:61","msg":"服务器关闭成功"}
{"level":"info","timestamp":"2026-04-07T17:28:39.392+0800","caller":"logger/logger.go:61","msg":"应用程序启动","app":"Go Todo API","version":"1.0.0","environment":"development"}
{"level":"error","timestamp":"2026-04-07T17:28:46.651+0800","caller":"logger/logger.go:69","msg":"数据库连接失败","error":"数据库连接失败：: dial tcp: lookup mysql: no such host","stacktrace":"TODO_API/pkg/logger.Error\n\tD:/work/GoProjects/TODO_API/pkg/logger/logger.go:69\nmain.main\n\tD:/work/GoProjects/TODO_API/cmd/main.go:221\nruntime.main\n\tD:/work/Go/src/runtime/proc.go:285"}
{"level":"info","timestamp":"2026-04-07T17:30:05.946+0800","caller":"logger/logger.go:61","msg":"应用程序启动","app":"Go Todo API","version":"1.0.0","environment":"development"}
{"level":"error","timestamp":"2026-04-07T17:30:13.216+0800","caller":"logger/logger.go:69","msg":"数据库连接失败","error":"数据库连接失败：: dial tcp: lookup mysql: no such host","stacktrace":"TODO_API/pkg/logger.Error\n\tD:/work/GoProjects/TODO_API/pkg/logger/logger.go:69\nmain.main\n\tD:/work/GoProjects/TODO_API/cmd/main.go:221\nruntime.main\n\tD:/work/Go/src/runtime/proc.go:285"}
{"level":"info","timestamp":"2026-04-07T17:33:30.109+0800","caller":"logger/logger.go:61","msg":"应用程序启动","app":"Go Todo API","version":"1.0.0","environment":"development"}
{"level":"info","timestamp":"2026-04-07T17:33:30.137+0800","caller":"logger/logger.go:61","msg":"Redis连接成功"}
{"level":"info","timestamp":"2026-04-07T17:33:30.183+0800","caller":"logger/logger.go:61","msg":"RabbitMQ连接成功"}
{"level":"info","timestamp":"2026-04-07T17:33:30.183+0800","caller":"logger/logger.go:61","msg":"文件存储初始化成功"}
{"level":"info","timestamp":"2026-04-07T17:33:30.190+0800","caller":"logger/logger.go:61","msg":"服务器启动信息","address":"http://localhost:8080","mode":"debug","environment":"development"}
{"level":"error","timestamp":"2026-04-07T17:33:30.190+0800","caller":"logger/logger.go:69","msg":"服务器启动失败","error":"listen tcp :8080: bind: Only one usage of each socket address (protocol/network address/port) is normally permitted.","stacktrace":"TODO_API/pkg/logger.Error\n\tD:/work/GoProjects/TODO_API/pkg/logger/logger.go:69\nmain.startSever.func1\n\tD:/work/GoProjects/TODO_API/cmd/main.go:165"}
